%!Adobe-FontList 1.18
%Locale:0x280a

%BeginFont
Handler:DirectoryHandler
FontType:Invalid
OutlineFileName:E:\ElGalloWeb\Font\fontawesome-webfont.eot
FileModTime:1371486782
%EndFont

%BeginFont
Handler:DirectoryHandler
FontType:Invalid
OutlineFileName:E:\ElGalloWeb\Font\fontawesome-webfont.svg
FileModTime:1371486782
%EndFont

%BeginFont
Handler:DirectoryHandler
FontType:TrueType
FontName:FontAwesome
FamilyName:FontAwesome
StyleName:Regular
FullName:FontAwesome Regular
MenuName:FontAwesome
StyleBits:0
WritingScript:Roman
OutlineFileName:E:\ElGalloWeb\Font\fontawesome-webfont.ttf
DataFormat:sfntData
hasSVG:no
FileLength:79076
FileModTime:1371486782
WeightClass:400
WidthClass:5
AngleClass:0
NameArray:0,Win,1,FontAwesome
%EndFont

%BeginFont
Handler:DirectoryHandler
FontType:Invalid
OutlineFileName:E:\ElGalloWeb\Font\fontawesome-webfont.woff
FileModTime:1371486782
%EndFont

%BeginFont
Handler:DirectoryHandler
FontType:Type1
FontName:FontAwesome
FamilyName:FontAwesome
StyleName:Regular
FullName:FontAwesome
MenuName:FontAwesome
StyleBits:0
WritingScript:Roman
OutlineFileName:E:\ElGalloWeb\Font\FontAwesome.otf
DataFormat:sfntData
UsesStandardEncoding:yes
isCFF:yes
hasSVG:no
FileLength:61896
FileModTime:1371486782
WeightClass:400
WidthClass:5
AngleClass:0
NameArray:0,Mac,4,FontAwesome
NameArray:0,Win,1,FontAwesome
%EndFont

%BeginFont
Handler:DirectoryHandler
FontType:Type1
FontName:Danzo
FamilyName:Danzo
StyleName:Regular
FullName:Danzo
MenuName:Danzo
StyleBits:0
WritingScript:Roman
OutlineFileName:E:\ElGalloWeb\Font\Danzo.otf
DataFormat:sfntData
UsesStandardEncoding:yes
isCFF:yes
hasSVG:no
FileLength:73476
FileModTime:1511629174
WeightClass:400
WidthClass:5
AngleClass:0
NameArray:0,Mac,4,Danzo
NameArray:0,Win,1,Danzo
%EndFont

%BeginFont
Handler:DirectoryHandler
FontType:TrueType
FontName:Antipasto
FamilyName:Antipasto
StyleName:Regular
FullName:Antipasto
MenuName:Antipasto
StyleBits:0
WritingScript:Roman
OutlineFileName:E:\ElGalloWeb\Font\Antipasto.ttf
DataFormat:sfntData
hasSVG:no
FileLength:88897
FileModTime:1511740282
WeightClass:400
WidthClass:5
AngleClass:0
NameArray:0,Mac,18,Antipasto
NameArray:0,Mac,4,Antipasto
NameArray:0,Win,1,Antipasto
%EndFont

%BeginFont
Handler:DirectoryHandler
FontType:TrueType
FontName:Dragon-Ball-Regular
FamilyName:Dragon Ball
StyleName:Regular
FullName:Dragon Ball
MenuName:Dragon Ball
StyleBits:0
WritingScript:Roman
OutlineFileName:E:\ElGalloWeb\Font\dragonball.ttf
DataFormat:sfntData
hasSVG:no
FileLength:51712
FileModTime:1492113562
WeightClass:400
WidthClass:5
AngleClass:0
NameArray:0,Mac,4,Dragon Ball
NameArray:0,Win,1,Dragon Ball
%EndFont

